2026-08-21T13:10:48.675Z depot-lint ok 0 PASS / 0 FAIL — depot-lint PASS (0.0s)
2026-08-21T13:11:53.229Z depot-test ok 1707 PASS / 0 FAIL — depot-test PASS (60.9s)
2026-08-21T13:56:52.409Z depot-test ok 1707 PASS / 0 FAIL — depot-test PASS (62.9s)
2026-08-21T13:57:57.770Z depot-test ok 1707 PASS / 0 FAIL — depot-test PASS (61.2s)
2026-08-21T13:58:43.013Z depot-test FAIL(1) 618 PASS / 0 FAIL — Node.js v22.23.1 (3.4s)
2026-08-21T14:01:06.040Z depot-test ok 1720 PASS / 0 FAIL — depot-test PASS (62.2s)
2026-08-21T14:02:10.134Z depot-test ok 1720 PASS / 0 FAIL — depot-test PASS (60.2s)
2026-08-21T14:03:12.788Z depot-test ok 1720 PASS / 0 FAIL — depot-test PASS (62.6s)
2026-08-21T14:04:17.613Z depot-test ok 1720 PASS / 0 FAIL — depot-test PASS (61.3s)
2026-08-21T14:04:42.341Z golden ok 7 PASS / 0 FAIL — GOLDEN GATE: ALL PASS (20.0s)
2026-08-21T14:04:44.056Z depot-lint ok 0 PASS / 0 FAIL — depot-lint PASS (0.1s)
2026-08-21T14:04:48.452Z smoke FAIL(1) 0 PASS / 0 FAIL — Node.js v22.23.1 (0.8s)
2026-08-21T14:06:40.452Z smoke ok 31 PASS / 0 FAIL — BOOT-LOAD SMOKE: ALL PASS (86.2s)
2026-08-21T14:26:30.520Z depot-test ok 1720 PASS / 0 FAIL — depot-test PASS (60.8s)
2026-08-21T14:27:59.962Z depot-test FAIL(1) 1719 PASS / 9 FAIL — 9 FAILURE(S): POSSESSION T5(a) source pin (re-taught mk2.00): the renderer owns a setReticle overlay drawn in the bright (61.1s)
2026-08-21T14:29:32.489Z depot-test FAIL(1) 1727 PASS / 1 FAIL — 1 FAILURE(S): RETICLE mk2.00(e) source pin: the BUILD toggle refuses while possessed (61.3s)
2026-08-21T14:33:42.049Z depot-test ok 1728 PASS / 0 FAIL — depot-test PASS (61.3s)
2026-08-21T14:35:05.592Z depot-test ok 1728 PASS / 0 FAIL — depot-test PASS (79.5s)
2026-08-21T14:35:08.379Z depot-test ok 1728 PASS / 0 FAIL — depot-test PASS (82.3s)
2026-08-21T14:36:11.790Z depot-test ok 1728 PASS / 0 FAIL — depot-test PASS (61.2s)
2026-08-21T14:36:35.221Z golden ok 7 PASS / 0 FAIL — GOLDEN GATE: ALL PASS (19.5s)
2026-08-21T14:36:36.902Z depot-lint ok 0 PASS / 0 FAIL — depot-lint PASS (0.0s)
2026-08-21T14:38:20.504Z smoke ok 31 PASS / 0 FAIL — BOOT-LOAD SMOKE: ALL PASS (87.5s)
2026-08-21T15:35:17.920Z depot-test ok 1728 PASS / 0 FAIL — depot-test PASS (61.2s)
2026-08-21T15:36:32.118Z depot-test FAIL(1) 618 PASS / 0 FAIL — Node.js v22.23.1 (3.4s)
2026-08-21T15:39:15.413Z depot-test ok 1733 PASS / 0 FAIL — depot-test PASS (61.1s)
2026-08-21T15:40:23.913Z depot-test ok 1733 PASS / 0 FAIL — depot-test PASS (61.9s)
2026-08-21T15:40:47.788Z golden ok 7 PASS / 0 FAIL — GOLDEN GATE: ALL PASS (19.5s)
2026-08-21T15:40:47.865Z depot-lint ok 0 PASS / 0 FAIL — depot-lint PASS (0.0s)
2026-08-21T15:42:34.462Z smoke ok 31 PASS / 0 FAIL — BOOT-LOAD SMOKE: ALL PASS (86.7s)
2026-08-21T17:02:35.986Z depot-test ok 1733 PASS / 0 FAIL — depot-test PASS (63.3s)
2026-08-21T17:06:24.407Z depot-test FAIL(1) 1731 PASS / 9 FAIL — 9 FAILURE(S): 4C spec: ENEMY_SPECS.sniper fielded (speed 2.9, hp 44, bounty 45 = the pair price, no dress — ordinary men (61.7s)
2026-08-21T17:09:56.782Z depot-test ok 1740 PASS / 0 FAIL — depot-test PASS (61.4s)
2026-08-21T17:10:31.984Z golden ok 7 PASS / 0 FAIL — GOLDEN GATE: ALL PASS (20.6s)
2026-08-21T17:10:32.067Z depot-lint ok 0 PASS / 0 FAIL — depot-lint PASS (0.0s)
2026-08-21T17:12:49.728Z smoke ok 31 PASS / 0 FAIL — BOOT-LOAD SMOKE: ALL PASS (92.4s)
2026-08-21T18:12:44.854Z depot-test ok 1740 PASS / 0 FAIL — depot-test PASS (60.9s)
2026-08-21T18:14:06.824Z depot-test ok 1740 PASS / 0 FAIL — depot-test PASS (74.4s)
2026-08-21T18:14:14.003Z depot-test ok 1740 PASS / 0 FAIL — depot-test PASS (74.5s)
2026-08-21T18:15:40.960Z depot-test FAIL(1) 610 PASS / 0 FAIL — Node.js v22.23.1 (3.3s)
2026-08-21T18:19:10.944Z depot-test FAIL(1) 855 PASS / 1 FAIL — Node.js v22.23.1 (5.6s)
2026-08-21T19:14:54.173Z depot-test ok 1760 PASS / 0 FAIL — depot-test PASS (59.3s)
2026-08-21T19:15:57.984Z depot-test ok 1760 PASS / 0 FAIL — depot-test PASS (58.7s)
2026-08-21T19:17:32.760Z depot-test ok 1740 PASS / 0 FAIL — depot-test PASS (59.0s)
2026-08-21T19:18:37.657Z golden ok 7 PASS / 0 FAIL — GOLDEN GATE: ALL PASS (20.6s)
2026-08-21T19:18:37.738Z depot-lint ok 0 PASS / 0 FAIL — depot-lint PASS (0.0s)
2026-08-21T19:20:23.352Z smoke ok 31 PASS / 0 FAIL — BOOT-LOAD SMOKE: ALL PASS (90.2s)
2026-08-21T19:32:30.923Z depot-test ok 1760 PASS / 0 FAIL — depot-test PASS (59.6s)
2026-08-21T19:33:47.461Z depot-test FAIL(1) 1760 PASS / 2 FAIL — 2 FAILURE(S): VISIBLE GRENADE mk2.04(h): the renderer pools green grenades blinking red, VISIBLE GRENADE mk2.04(h): the  (58.5s)
2026-08-21T19:35:08.199Z depot-test ok 1762 PASS / 0 FAIL — depot-test PASS (59.3s)
2026-08-21T19:35:33.579Z golden ok 7 PASS / 0 FAIL — GOLDEN GATE: ALL PASS (19.6s)
2026-08-21T19:35:33.658Z depot-lint ok 0 PASS / 0 FAIL — depot-lint PASS (0.0s)
2026-08-21T19:35:50.586Z smoke FAIL(1) 0 PASS / 0 FAIL — Node.js v22.23.1 (0.8s)
2026-08-21T19:37:45.306Z smoke FAIL(1) 30 PASS / 1 FAIL — 1 FAILURE(S) (103.3s)
2026-08-21T19:39:37.789Z smoke ok 31 PASS / 0 FAIL — BOOT-LOAD SMOKE: ALL PASS (87.6s)
2026-08-21T19:58:38.749Z depot-test ok 1762 PASS / 0 FAIL — depot-test PASS (59.0s)
2026-08-21T19:59:08.909Z depot-test FAIL(1) 610 PASS / 0 FAIL — Node.js v22.23.1 (4.5s)
2026-08-21T19:59:43.907Z depot-test ok 1762 PASS / 0 FAIL — depot-test PASS (61.6s)
2026-08-21T20:01:06.798Z depot-test FAIL(1) 1766 PASS / 1 FAIL — 1 FAILURE(S): T1 pin: tank fixture hash unmoved (59.5s)
2026-08-21T20:02:09.798Z depot-test FAIL(1) 1766 PASS / 1 FAIL — 1 FAILURE(S): T1 pin: tank fixture hash unmoved (59.5s)
2026-08-21T20:03:35.027Z depot-test FAIL(1) 1766 PASS / 1 FAIL — 1 FAILURE(S): T1 pin: tank fixture hash unmoved (58.9s)
2026-08-21T20:04:33.959Z depot-test FAIL(1) 1766 PASS / 1 FAIL — 1 FAILURE(S): T1 pin: tank fixture hash unmoved (58.9s)
2026-08-21T20:13:18.352Z depot-test ok 1767 PASS / 0 FAIL — depot-test PASS (59.4s)
2026-08-21T20:14:21.807Z depot-test ok 1767 PASS / 0 FAIL — depot-test PASS (59.9s)
2026-08-21T20:15:24.482Z depot-test ok 1767 PASS / 0 FAIL — depot-test PASS (58.8s)
2026-08-21T20:16:23.216Z depot-test ok 1767 PASS / 0 FAIL — depot-test PASS (58.7s)
2026-08-21T20:16:48.091Z golden ok 7 PASS / 0 FAIL — GOLDEN GATE: ALL PASS (19.7s)
2026-08-21T20:16:50.144Z depot-lint ok 0 PASS / 0 FAIL — depot-lint PASS (0.0s)
2026-08-21T20:17:06.423Z smoke FAIL(1) 0 PASS / 0 FAIL — Node.js v22.23.1 (0.8s)
2026-08-21T20:18:41.543Z smoke ok 31 PASS / 0 FAIL — BOOT-LOAD SMOKE: ALL PASS (87.4s)
2026-08-21T20:42:11.681Z depot-test ok 1767 PASS / 0 FAIL — depot-test PASS (59.3s)
2026-08-21T20:43:16.843Z depot-test ok 1767 PASS / 0 FAIL — depot-test PASS (61.0s)
2026-08-21T20:44:09.483Z depot-test FAIL(1) 610 PASS / 0 FAIL — Node.js v22.23.1 (3.4s)
2026-08-21T20:46:11.572Z depot-test FAIL(1) 1770 PASS / 1 FAIL — 1 FAILURE(S): mk2.03(g) source pin: the enemy grenadier throws the same grenade (58.7s)
2026-08-21T20:50:03.202Z depot-test ok 1771 PASS / 0 FAIL — depot-test PASS (61.3s)
2026-08-21T20:50:32.938Z golden ok 7 PASS / 0 FAIL — GOLDEN GATE: ALL PASS (20.5s)
2026-08-21T20:50:33.015Z depot-lint ok 0 PASS / 0 FAIL — depot-lint PASS (0.0s)
2026-08-21T20:52:21.890Z smoke ok 31 PASS / 0 FAIL — BOOT-LOAD SMOKE: ALL PASS (89.7s)
2026-08-21T22:16:28.624Z depot-test FAIL(1) 1772 PASS / 2 FAIL — 2 FAILURE(S): deep floor: a dialed field carves past the old clamp, deep floor: the war sets its own floor at boot (59.4s)
2026-08-21T22:17:39.109Z depot-test ok 1774 PASS / 0 FAIL — depot-test PASS (59.2s)
2026-08-21T22:18:00.054Z golden ok 7 PASS / 0 FAIL — GOLDEN GATE: ALL PASS (19.4s)
2026-08-21T22:37:50.095Z depot-test FAIL(1) 1774 PASS / 0 FAIL — Node.js v22.23.1 (59.3s)
2026-08-21T22:40:49.237Z depot-test FAIL(1) 1770 PASS / 14 FAIL — 14 FAILURE(S): hand: the plans pool ignores the bell entirely — one pool at any hour, hand: eighteen plans stand at bell (58.7s)
2026-08-21T22:42:00.871Z depot-test FAIL(1) 1770 PASS / 14 FAIL — 14 FAILURE(S): hand: the plans pool ignores the bell entirely — one pool at any hour, hand: eighteen plans stand at bell (60.1s)
2026-08-21T22:43:06.851Z depot-test FAIL(1) 1770 PASS / 14 FAIL — 14 FAILURE(S): hand: the plans pool ignores the bell entirely — one pool at any hour, hand: eighteen plans stand at bell (58.7s)
2026-08-21T22:59:26.858Z depot-test FAIL(1) 1770 PASS / 14 FAIL — 14 FAILURE(S): hand: the plans pool ignores the bell entirely — one pool at any hour, hand: eighteen plans stand at bell (59.9s)
2026-08-21T23:02:50.609Z depot-test ok 1784 PASS / 0 FAIL — depot-test PASS (59.3s)
2026-08-21T23:02:54.259Z depot-lint ok 0 PASS / 0 FAIL — depot-lint PASS (0.0s)
2026-08-21T23:12:01.461Z depot-test FAIL(1) 1784 PASS / 0 FAIL — Node.js v22.23.1 (58.9s)
2026-08-21T23:14:08.985Z depot-test ok 1795 PASS / 0 FAIL — depot-test PASS (59.6s)
2026-08-21T23:14:12.537Z depot-lint ok 0 PASS / 0 FAIL — depot-lint PASS (0.0s)
2026-08-21T23:14:35.596Z golden ok 7 PASS / 0 FAIL — GOLDEN GATE: ALL PASS (19.7s)
2026-08-21T23:26:48.226Z depot-test ok 1795 PASS / 0 FAIL — depot-test PASS (61.0s)
2026-08-21T23:53:43.763Z depot-test FAIL(1) 1796 PASS / 3 FAIL — 3 FAILURE(S): trigger: the possessed crew fires the one round, trigger: the latch is the ATTACK path's own, trigger: the (59.0s)
2026-08-21T23:54:55.104Z depot-test FAIL(1) 1797 PASS / 2 FAIL — 2 FAILURE(S): TRUE RETICLE mk2.01(i) source pin: all four possessed fire paths aim at the surface (aim.y), TALL ORDER mk (59.7s)
2026-08-21T23:54:55.182Z depot-lint ok 0 PASS / 0 FAIL — depot-lint PASS (0.0s)
2026-08-21T23:55:58.710Z depot-test FAIL(1) 1797 PASS / 2 FAIL — 2 FAILURE(S): TRUE RETICLE mk2.01(i) source pin: all four possessed fire paths aim at the surface (aim.y), TALL ORDER mk (59.2s)
2026-08-22T00:01:08.974Z depot-test FAIL(1) 1797 PASS / 2 FAIL — 2 FAILURE(S): TRUE RETICLE mk2.01(i) source pin: all four possessed fire paths aim at the surface (aim.y), TALL ORDER mk (58.7s)
2026-08-22T00:02:18.985Z depot-test ok 1799 PASS / 0 FAIL — depot-test PASS (60.1s)
2026-08-22T00:02:20.567Z depot-lint ok 0 PASS / 0 FAIL — depot-lint PASS (0.0s)
2026-08-22T00:31:03.013Z depot-test FAIL(1) 1795 PASS / 3 FAIL — Node.js v22.23.1 (59.0s)
2026-08-22T00:33:44.813Z depot-test ok 1813 PASS / 0 FAIL — depot-test PASS (58.8s)
2026-08-22T00:33:49.655Z depot-lint ok 0 PASS / 0 FAIL — depot-lint PASS (0.1s)
2026-08-22T00:34:09.149Z golden ok 7 PASS / 0 FAIL — GOLDEN GATE: ALL PASS (19.5s)
2026-08-22T01:00:49.022Z depot-test FAIL(1) 1813 PASS / 1 FAIL — 1 FAILURE(S): look: the cloud is white — drift particles paint their own color (59.5s)
2026-08-22T01:01:53.200Z depot-test FAIL(1) 1813 PASS / 1 FAIL — 1 FAILURE(S): look: the cloud is white — drift particles paint their own color (59.6s)
2026-08-22T01:03:13.690Z depot-test ok 1814 PASS / 0 FAIL — depot-test PASS (59.1s)
2026-08-22T01:03:37.230Z golden ok 7 PASS / 0 FAIL — GOLDEN GATE: ALL PASS (19.5s)
2026-08-22T09:07:33.228Z depot-test FAIL(1) 1818 PASS / 3 FAIL — 3 FAILURE(S): ridge: the far rock re-seats onto the carved ground, ridge: rock health is the soft table, ridge: rocks ca (59.3s)
2026-08-22T09:08:48.673Z depot-test ok 1821 PASS / 0 FAIL — depot-test PASS (58.9s)
2026-08-22T09:09:08.261Z golden ok 7 PASS / 0 FAIL — GOLDEN GATE: ALL PASS (19.5s)
2026-08-22T09:09:08.341Z depot-lint ok 0 PASS / 0 FAIL — depot-lint PASS (0.0s)
2026-08-22T18:10:14.029Z depot-test ok 1821 PASS / 0 FAIL — depot-test PASS (59.1s)
2026-08-22T18:11:26.476Z depot-test FAIL(1) 1821 PASS / 0 FAIL — Node.js v22.23.1 (58.9s)
2026-08-22T18:13:50.727Z depot-test FAIL(1) 527 PASS / 0 FAIL — Node.js v22.23.1 (3.2s)
2026-08-22T18:16:12.163Z depot-test FAIL(1) 1837 PASS / 4 FAIL — 4 FAILURE(S): POSSESSION T3(a) source pin: stepTowers takes a possessedId argument, POSSESSION T4(f) source pin: the tow (59.9s)
2026-08-22T18:36:01.337Z depot-test ok 1841 PASS / 0 FAIL — depot-test PASS (59.3s)
2026-08-22T18:36:25.037Z golden ok 7 PASS / 0 FAIL — GOLDEN GATE: ALL PASS (20.1s)
2026-08-22T18:36:28.829Z depot-lint ok 0 PASS / 0 FAIL — depot-lint PASS (0.1s)
2026-08-22T18:36:32.960Z smoke FAIL(1) 0 PASS / 0 FAIL — Node.js v22.23.1 (0.8s)
2026-08-22T18:38:24.135Z smoke ok 31 PASS / 0 FAIL — BOOT-LOAD SMOKE: ALL PASS (87.9s)
2026-08-22T18:58:45.731Z smoke ok 31 PASS / 0 FAIL — BOOT-LOAD SMOKE: ALL PASS (87.3s)
2026-08-22T18:59:08.692Z golden ok 7 PASS / 0 FAIL — GOLDEN GATE: ALL PASS (19.5s)
2026-08-22T19:57:09.971Z smoke ok 31 PASS / 0 FAIL — BOOT-LOAD SMOKE: ALL PASS (88.0s)
2026-08-22T19:57:33.103Z golden ok 7 PASS / 0 FAIL — GOLDEN GATE: ALL PASS (19.8s)
2026-08-22T20:15:30.012Z depot-test ok 1844 PASS / 0 FAIL — depot-test PASS (59.2s)
2026-08-22T20:15:53.019Z golden ok 7 PASS / 0 FAIL — GOLDEN GATE: ALL PASS (19.4s)
2026-08-22T20:15:53.098Z depot-lint ok 0 PASS / 0 FAIL — depot-lint PASS (0.0s)
2026-08-22T20:17:35.835Z smoke ok 31 PASS / 0 FAIL — BOOT-LOAD SMOKE: ALL PASS (87.3s)
2026-08-23T00:32:32.731Z depot-test ok 1847 PASS / 0 FAIL — depot-test PASS (58.9s)
2026-08-23T00:32:55.204Z golden ok 7 PASS / 0 FAIL — GOLDEN GATE: ALL PASS (19.5s)
2026-08-23T00:32:55.282Z depot-lint ok 0 PASS / 0 FAIL — depot-lint PASS (0.0s)
2026-08-23T00:34:33.753Z smoke ok 31 PASS / 0 FAIL — BOOT-LOAD SMOKE: ALL PASS (87.6s)
2026-08-23T01:03:39.264Z depot-test ok 1848 PASS / 0 FAIL — depot-test PASS (59.4s)
2026-08-23T01:04:01.759Z golden ok 7 PASS / 0 FAIL — GOLDEN GATE: ALL PASS (19.4s)
2026-08-23T01:04:01.837Z depot-lint ok 0 PASS / 0 FAIL — depot-lint PASS (0.0s)
2026-08-23T01:05:39.810Z smoke ok 31 PASS / 0 FAIL — BOOT-LOAD SMOKE: ALL PASS (88.1s)
2026-08-23T01:14:42.339Z golden ok 7 PASS / 0 FAIL — GOLDEN GATE: ALL PASS (19.5s)
2026-08-23T01:16:20.853Z smoke ok 31 PASS / 0 FAIL — BOOT-LOAD SMOKE: ALL PASS (89.3s)
2026-08-23T01:44:50.815Z depot-test ok 1848 PASS / 0 FAIL — depot-test PASS (59.1s)
2026-08-23T01:45:13.863Z golden ok 7 PASS / 0 FAIL — GOLDEN GATE: ALL PASS (19.6s)
2026-08-23T01:45:13.939Z depot-lint ok 0 PASS / 0 FAIL — depot-lint PASS (0.0s)
2026-08-23T01:46:52.678Z smoke ok 31 PASS / 0 FAIL — BOOT-LOAD SMOKE: ALL PASS (88.8s)
2026-08-23T09:37:29.025Z depot-test FAIL(1) 1852 PASS / 1 FAIL — 1 FAILURE(S): POSSESSION T3(a) source pin: stepTowers takes a possessedId argument (59.0s)
2026-08-23T09:38:39.882Z depot-test ok 1853 PASS / 0 FAIL — depot-test PASS (59.0s)
2026-08-23T09:39:04.075Z golden ok 7 PASS / 0 FAIL — GOLDEN GATE: ALL PASS (20.3s)
2026-08-23T09:39:04.151Z depot-lint ok 0 PASS / 0 FAIL — depot-lint PASS (0.0s)
2026-08-23T09:40:41.610Z smoke ok 31 PASS / 0 FAIL — BOOT-LOAD SMOKE: ALL PASS (87.2s)
2026-08-23T22:18:37.408Z depot-test ok 1853 PASS / 0 FAIL — depot-test PASS (59.2s)
2026-08-23T22:19:59.194Z depot-test FAIL(1) 1854 PASS / 10 FAIL — 10 FAILURE(S): sandbox: the war screen takes the dev switch, sandbox: the app routes the sandbox screen, sandbox: the me (58.9s)
2026-08-23T22:22:57.638Z depot-test FAIL(1) 1863 PASS / 1 FAIL — 1 FAILURE(S): mk0.50/3: DepotGame reads WALL_COST instead of carrying its own literal (re-pinned mk1.13 — the spec path  (59.8s)
2026-08-23T22:24:12.094Z depot-test ok 1864 PASS / 0 FAIL — depot-test PASS (59.2s)
2026-08-23T22:24:36.162Z golden ok 7 PASS / 0 FAIL — GOLDEN GATE: ALL PASS (19.9s)
2026-08-23T22:24:40.634Z depot-lint ok 0 PASS / 0 FAIL — depot-lint PASS (0.1s)
2026-08-23T22:24:45.592Z smoke FAIL(1) 0 PASS / 0 FAIL — Node.js v22.23.1 (0.8s)
2026-08-23T22:26:49.151Z smoke ok 31 PASS / 0 FAIL — BOOT-LOAD SMOKE: ALL PASS (87.0s)
2026-08-23T22:42:41.955Z depot-test FAIL(1) 1864 PASS / 4 FAIL — 4 FAILURE(S): rack: the foe list exists, rack: the branch is dev-only, rack: a ground tap spawns, rack: every infantry t (59.2s)
2026-08-23T22:44:47.313Z depot-test FAIL(1) 1867 PASS / 1 FAIL — 1 FAILURE(S): mk0.60/6: build points clamp to the rim through the same clamp shape (59.3s)
2026-08-23T22:47:15.285Z depot-test ok 1868 PASS / 0 FAIL — depot-test PASS (59.6s)
2026-08-23T22:47:40.789Z golden ok 7 PASS / 0 FAIL — GOLDEN GATE: ALL PASS (19.9s)
2026-08-23T22:47:45.906Z depot-lint ok 0 PASS / 0 FAIL — depot-lint PASS (0.0s)
2026-08-23T22:47:46.716Z smoke FAIL(1) 0 PASS / 0 FAIL — Node.js v22.23.1 (0.8s)
2026-08-23T22:49:49.006Z smoke ok 31 PASS / 0 FAIL — BOOT-LOAD SMOKE: ALL PASS (88.7s)
2026-08-23T23:13:33.806Z depot-test FAIL(1) 1868 PASS / 5 FAIL — 5 FAILURE(S): fight: the switch exists, fight: dummies skip the enemy drivers, fight: standing dummies still upright, fi (59.4s)
2026-08-23T23:15:20.159Z depot-test ok 1873 PASS / 0 FAIL — depot-test PASS (59.0s)
2026-08-23T23:15:43.988Z golden ok 7 PASS / 0 FAIL — GOLDEN GATE: ALL PASS (19.5s)
2026-08-23T23:15:48.028Z depot-lint ok 0 PASS / 0 FAIL — depot-lint PASS (0.0s)
2026-08-23T23:15:48.816Z smoke FAIL(1) 0 PASS / 0 FAIL — Node.js v22.23.1 (0.7s)
2026-08-23T23:18:13.203Z smoke ok 31 PASS / 0 FAIL — BOOT-LOAD SMOKE: ALL PASS (88.3s)
2026-08-23T23:43:49.877Z depot-test ok 1873 PASS / 0 FAIL — depot-test PASS (62.7s)
2026-08-24T00:20:02.996Z depot-test FAIL(1) 1874 PASS / 5 FAIL — 5 FAILURE(S): names: the five towers wear proper nouns, names: the colliding trades re-sign, names: his mg men match the (59.1s)
2026-08-24T00:21:26.026Z depot-test ok 1879 PASS / 0 FAIL — depot-test PASS (59.9s)
2026-08-24T00:21:31.104Z depot-lint ok 0 PASS / 0 FAIL — depot-lint PASS (0.0s)
2026-08-24T00:21:31.923Z smoke FAIL(1) 0 PASS / 0 FAIL — Node.js v22.23.1 (0.8s)
2026-08-24T00:23:25.606Z smoke ok 31 PASS / 0 FAIL — BOOT-LOAD SMOKE: ALL PASS (87.9s)
2026-08-24T00:45:12.266Z depot-test FAIL(1) 1879 PASS / 0 FAIL — Node.js v22.23.1 (59.3s)
2026-08-24T00:47:16.870Z depot-test ok 1885 PASS / 0 FAIL — depot-test PASS (59.0s)
2026-08-24T00:47:20.061Z depot-lint ok 0 PASS / 0 FAIL — depot-lint PASS (0.0s)
2026-08-24T00:47:24.196Z smoke FAIL(1) 0 PASS / 0 FAIL — Node.js v22.23.1 (0.8s)
2026-08-24T00:49:13.334Z smoke ok 31 PASS / 0 FAIL — BOOT-LOAD SMOKE: ALL PASS (88.3s)
2026-08-24T00:57:19.863Z depot-test FAIL(1) 1886 PASS / 1 FAIL — 1 FAILURE(S): convoy: the hand deals out of a crate (59.1s)
2026-08-24T00:58:35.362Z depot-test ok 1887 PASS / 0 FAIL — depot-test PASS (60.0s)
2026-08-24T00:58:38.576Z depot-lint ok 0 PASS / 0 FAIL — depot-lint PASS (0.0s)
2026-08-24T01:00:08.982Z smoke ok 31 PASS / 0 FAIL — BOOT-LOAD SMOKE: ALL PASS (87.5s)
2026-08-24T09:17:08.956Z depot-test FAIL(1) 1889 PASS / 3 FAIL — 3 FAILURE(S): desk: the stock tag exists on paper, desk: the bar's slots left the box chrome, desk: the tags rest tilted (59.3s)
2026-08-24T09:18:55.157Z depot-test ok 1892 PASS / 0 FAIL — depot-test PASS (59.3s)
2026-08-24T09:18:58.522Z depot-lint ok 0 PASS / 0 FAIL — depot-lint PASS (0.0s)
2026-08-24T09:20:53.411Z smoke ok 31 PASS / 0 FAIL — BOOT-LOAD SMOKE: ALL PASS (87.5s)
2026-08-24T11:57:53.372Z depot-test FAIL(1) 1891 PASS / 7 FAIL — 7 FAILURE(S): names: the colliding trades re-sign, names: the bar follows the trades, lattice: snipers are snipers, latt (60.2s)
2026-08-24T12:00:22.197Z depot-test ok 1898 PASS / 0 FAIL — depot-test PASS (59.0s)
2026-08-24T12:00:25.623Z depot-lint ok 0 PASS / 0 FAIL — depot-lint PASS (0.0s)
2026-08-24T12:02:12.010Z smoke ok 31 PASS / 0 FAIL — BOOT-LOAD SMOKE: ALL PASS (89.5s)
